  console.log
    [dotenv@17.2.3] injecting env (9) from .env -- tip: ≡ƒöÉ prevent building .env in docker: https://dotenvx.com/prebuild

      at _log (node_modules/dotenv/lib/main.js:142:11)

2026-04-30 16:38:03 [[32minfo[39m] [32mHTTP request completed[39m {"method":"POST","path":"/api/auth/users/register","statusCode":201,"durationMs":152,"user":"anonymous","ip":"::ffff:127.0.0.1"}
2026-04-30 16:38:03 [[32minfo[39m] [32mHTTP request completed[39m {"method":"POST","path":"/api/auth/users/register","statusCode":201,"durationMs":119,"user":"anonymous","ip":"::ffff:127.0.0.1"}
  console.error
    [ConflictError] User with this email already exists

    [0m [90m 56 |[39m
     [90m 57 |[39m   [36mif[39m (err [36minstanceof[39m [33mAppError[39m) {
    [31m[1m>[22m[39m[90m 58 |[39m     console[33m.[39merror([32m`[${err.name}] ${err.message}`[39m)[33m;[39m
     [90m    |[39m             [31m[1m^[22m[39m
     [90m 59 |[39m
     [90m 60 |[39m     [36mconst[39m response[33m:[39m [33mClientErrorResponse[39m [33m=[39m {
     [90m 61 |[39m       success[33m:[39m [36mfalse[39m[33m,[39m[0m

      at errorHandler (src/middleware/errorHandler.ts:58:13)
      at Layer.handleError (node_modules/router/lib/layer.js:116:17)
      at trimPrefix (node_modules/router/index.js:340:13)
      at node_modules/router/index.js:297:9
      at processParams (node_modules/router/index.js:582:12)
      at next (node_modules/router/index.js:291:5)
      at Layer.handleError (node_modules/router/lib/layer.js:111:12)
      at trimPrefix (node_modules/router/index.js:340:13)
      at node_modules/router/index.js:297:9
      at processParams (node_modules/router/index.js:582:12)
      at next (node_modules/router/index.js:291:5)
      at node_modules/router/index.js:688:15
      at next (node_modules/router/index.js:276:14)
      at next (node_modules/router/lib/route.js:132:14)

2026-04-30 16:38:04 [[32minfo[39m] [32mHTTP request completed[39m {"method":"POST","path":"/api/auth/users/register","statusCode":409,"durationMs":21,"user":"anonymous","ip":"::ffff:127.0.0.1"}
2026-04-30 16:38:04 [[32minfo[39m] [32mHTTP request completed[39m {"method":"POST","path":"/api/auth/users/register","statusCode":400,"durationMs":4,"user":"anonymous","ip":"::ffff:127.0.0.1"}
2026-04-30 16:38:04 [[32minfo[39m] [32mHTTP request completed[39m {"method":"POST","path":"/api/auth/users/register","statusCode":400,"durationMs":4,"user":"anonymous","ip":"::ffff:127.0.0.1"}
2026-04-30 16:38:04 [[32minfo[39m] [32mHTTP request completed[39m {"method":"POST","path":"/api/auth/users/register","statusCode":400,"durationMs":2,"user":"anonymous","ip":"::ffff:127.0.0.1"}
2026-04-30 16:38:04 [[32minfo[39m] [32mHTTP request completed[39m {"method":"POST","path":"/api/auth/users/register","statusCode":201,"durationMs":129,"user":"anonymous","ip":"::ffff:127.0.0.1"}
2026-04-30 16:38:04 [[32minfo[39m] [32mHTTP request completed[39m {"method":"POST","path":"/api/auth/users/login","statusCode":200,"durationMs":155,"user":"anonymous","ip":"::ffff:127.0.0.1"}
  console.error
    [AuthError] Invalid credentials

    [0m [90m 56 |[39m
     [90m 57 |[39m   [36mif[39m (err [36minstanceof[39m [33mAppError[39m) {
    [31m[1m>[22m[39m[90m 58 |[39m     console[33m.[39merror([32m`[${err.name}] ${err.message}`[39m)[33m;[39m
     [90m    |[39m             [31m[1m^[22m[39m
     [90m 59 |[39m
     [90m 60 |[39m     [36mconst[39m response[33m:[39m [33mClientErrorResponse[39m [33m=[39m {
     [90m 61 |[39m       success[33m:[39m [36mfalse[39m[33m,[39m[0m

      at errorHandler (src/middleware/errorHandler.ts:58:13)
      at Layer.handleError (node_modules/router/lib/layer.js:116:17)
      at trimPrefix (node_modules/router/index.js:340:13)
      at node_modules/router/index.js:297:9
      at processParams (node_modules/router/index.js:582:12)
      at next (node_modules/router/index.js:291:5)
      at Layer.handleError (node_modules/router/lib/layer.js:111:12)
      at trimPrefix (node_modules/router/index.js:340:13)
      at node_modules/router/index.js:297:9
      at processParams (node_modules/router/index.js:582:12)
      at next (node_modules/router/index.js:291:5)
      at node_modules/router/index.js:688:15
      at next (node_modules/router/index.js:276:14)
      at next (node_modules/router/lib/route.js:132:14)

2026-04-30 16:38:04 [[32minfo[39m] [32mHTTP request completed[39m {"method":"POST","path":"/api/auth/users/login","statusCode":401,"durationMs":141,"user":"anonymous","ip":"::ffff:127.0.0.1"}
  console.error
    [AuthError] Invalid credentials

    [0m [90m 56 |[39m
     [90m 57 |[39m   [36mif[39m (err [36minstanceof[39m [33mAppError[39m) {
    [31m[1m>[22m[39m[90m 58 |[39m     console[33m.[39merror([32m`[${err.name}] ${err.message}`[39m)[33m;[39m
     [90m    |[39m             [31m[1m^[22m[39m
     [90m 59 |[39m
     [90m 60 |[39m     [36mconst[39m response[33m:[39m [33mClientErrorResponse[39m [33m=[39m {
     [90m 61 |[39m       success[33m:[39m [36mfalse[39m[33m,[39m[0m

      at errorHandler (src/middleware/errorHandler.ts:58:13)
      at Layer.handleError (node_modules/router/lib/layer.js:116:17)
      at trimPrefix (node_modules/router/index.js:340:13)
      at node_modules/router/index.js:297:9
      at processParams (node_modules/router/index.js:582:12)
      at next (node_modules/router/index.js:291:5)
      at Layer.handleError (node_modules/router/lib/layer.js:111:12)
      at trimPrefix (node_modules/router/index.js:340:13)
      at node_modules/router/index.js:297:9
      at processParams (node_modules/router/index.js:582:12)
      at next (node_modules/router/index.js:291:5)
      at node_modules/router/index.js:688:15
      at next (node_modules/router/index.js:276:14)
      at next (node_modules/router/lib/route.js:132:14)

2026-04-30 16:38:05 [[32minfo[39m] [32mHTTP request completed[39m {"method":"POST","path":"/api/auth/users/login","statusCode":401,"durationMs":6,"user":"anonymous","ip":"::ffff:127.0.0.1"}
2026-04-30 16:38:05 [[32minfo[39m] [32mHTTP request completed[39m {"method":"POST","path":"/api/auth/users/login","statusCode":200,"durationMs":145,"user":"anonymous","ip":"::ffff:127.0.0.1"}
2026-04-30 16:38:05 [[32minfo[39m] [32mHTTP request completed[39m {"method":"POST","path":"/api/auth/users/login","statusCode":200,"durationMs":103,"user":"anonymous","ip":"::ffff:127.0.0.1"}
2026-04-30 16:38:05 [[32minfo[39m] [32mHTTP request completed[39m {"method":"GET","path":"/api/foods/","statusCode":200,"durationMs":13,"user":"anonymous","ip":"::ffff:127.0.0.1"}
2026-04-30 16:38:06 [[32minfo[39m] [32mHTTP request completed[39m {"method":"POST","path":"/api/auth/users/login","statusCode":200,"durationMs":145,"user":"anonymous","ip":"::ffff:127.0.0.1"}
2026-04-30 16:38:06 [[32minfo[39m] [32mHTTP request completed[39m {"method":"GET","path":"/api/foods/?limit=1","statusCode":200,"durationMs":12,"user":"anonymous","ip":"::ffff:127.0.0.1"}
2026-04-30 16:38:06 [[32minfo[39m] [32mHTTP request completed[39m {"method":"POST","path":"/api/auth/users/login","statusCode":200,"durationMs":132,"user":"anonymous","ip":"::ffff:127.0.0.1"}
2026-04-30 16:38:06 [[32minfo[39m] [32mHTTP request completed[39m {"method":"GET","path":"/api/foods/partners/69f33816d2d6357b5848af9e","statusCode":200,"durationMs":7,"user":"anonymous","ip":"::ffff:127.0.0.1"}
2026-04-30 16:38:07 [[32minfo[39m] [32mHTTP request completed[39m {"method":"POST","path":"/api/auth/users/login","statusCode":200,"durationMs":113,"user":"anonymous","ip":"::ffff:127.0.0.1"}
  console.error
    [ValidationError] Invalid partner ID format

    [0m [90m 56 |[39m
     [90m 57 |[39m   [36mif[39m (err [36minstanceof[39m [33mAppError[39m) {
    [31m[1m>[22m[39m[90m 58 |[39m     console[33m.[39merror([32m`[${err.name}] ${err.message}`[39m)[33m;[39m
     [90m    |[39m             [31m[1m^[22m[39m
     [90m 59 |[39m
     [90m 60 |[39m     [36mconst[39m response[33m:[39m [33mClientErrorResponse[39m [33m=[39m {
     [90m 61 |[39m       success[33m:[39m [36mfalse[39m[33m,[39m[0m

      at errorHandler (src/middleware/errorHandler.ts:58:13)
      at Layer.handleError (node_modules/router/lib/layer.js:116:17)
      at trimPrefix (node_modules/router/index.js:340:13)
      at node_modules/router/index.js:297:9
      at processParams (node_modules/router/index.js:582:12)
      at next (node_modules/router/index.js:291:5)
      at Layer.handleError (node_modules/router/lib/layer.js:111:12)
      at trimPrefix (node_modules/router/index.js:340:13)
      at node_modules/router/index.js:297:9
      at processParams (node_modules/router/index.js:582:12)
      at next (node_modules/router/index.js:291:5)
      at node_modules/router/index.js:688:15
      at next (node_modules/router/index.js:276:14)
      at next (node_modules/router/lib/route.js:132:14)

2026-04-30 16:38:07 [[32minfo[39m] [32mHTTP request completed[39m {"method":"GET","path":"/api/foods/partners/invalid-id","statusCode":400,"durationMs":6,"user":"anonymous","ip":"::ffff:127.0.0.1"}
2026-04-30 16:38:07 [[32minfo[39m] [32mHTTP request completed[39m {"method":"POST","path":"/api/auth/partners/register","statusCode":201,"durationMs":142,"user":"anonymous","ip":"::ffff:127.0.0.1"}
2026-04-30 16:38:07 [[32minfo[39m] [32mHTTP request completed[39m {"method":"DELETE","path":"/api/foods/69f33817d2d6357b5848afca","statusCode":200,"durationMs":17,"user":"anonymous","ip":"::ffff:127.0.0.1"}
2026-04-30 16:38:07 [[32minfo[39m] [32mHTTP request completed[39m {"method":"POST","path":"/api/auth/partners/register","statusCode":201,"durationMs":126,"user":"anonymous","ip":"::ffff:127.0.0.1"}
  console.error
    [NotFoundError] Food item not found

    [0m [90m 56 |[39m
     [90m 57 |[39m   [36mif[39m (err [36minstanceof[39m [33mAppError[39m) {
    [31m[1m>[22m[39m[90m 58 |[39m     console[33m.[39merror([32m`[${err.name}] ${err.message}`[39m)[33m;[39m
     [90m    |[39m             [31m[1m^[22m[39m
     [90m 59 |[39m
     [90m 60 |[39m     [36mconst[39m response[33m:[39m [33mClientErrorResponse[39m [33m=[39m {
     [90m 61 |[39m       success[33m:[39m [36mfalse[39m[33m,[39m[0m

      at errorHandler (src/middleware/errorHandler.ts:58:13)
      at Layer.handleError (node_modules/router/lib/layer.js:116:17)
      at trimPrefix (node_modules/router/index.js:340:13)
      at node_modules/router/index.js:297:9
      at processParams (node_modules/router/index.js:582:12)
      at next (node_modules/router/index.js:291:5)
      at Layer.handleError (node_modules/router/lib/layer.js:111:12)
      at trimPrefix (node_modules/router/index.js:340:13)
      at node_modules/router/index.js:297:9
      at processParams (node_modules/router/index.js:582:12)
      at Immediate.next (node_modules/router/index.js:291:5)
      at Immediate._onImmediate (node_modules/router/index.js:688:15)

2026-04-30 16:38:07 [[32minfo[39m] [32mHTTP request completed[39m {"method":"DELETE","path":"/api/foods/69f33817d2d6357b5848afdd","statusCode":404,"durationMs":8,"user":"anonymous","ip":"::ffff:127.0.0.1"}
2026-04-30 16:38:07 [[32minfo[39m] [32mHTTP request completed[39m {"method":"POST","path":"/api/auth/partners/register","statusCode":201,"durationMs":150,"user":"anonymous","ip":"::ffff:127.0.0.1"}
  console.error
    [ValidationError] Invalid food ID format

    [0m [90m 56 |[39m
     [90m 57 |[39m   [36mif[39m (err [36minstanceof[39m [33mAppError[39m) {
    [31m[1m>[22m[39m[90m 58 |[39m     console[33m.[39merror([32m`[${err.name}] ${err.message}`[39m)[33m;[39m
     [90m    |[39m             [31m[1m^[22m[39m
     [90m 59 |[39m
     [90m 60 |[39m     [36mconst[39m response[33m:[39m [33mClientErrorResponse[39m [33m=[39m {
     [90m 61 |[39m       success[33m:[39m [36mfalse[39m[33m,[39m[0m

      at errorHandler (src/middleware/errorHandler.ts:58:13)
      at Layer.handleError (node_modules/router/lib/layer.js:116:17)
      at trimPrefix (node_modules/router/index.js:340:13)
      at node_modules/router/index.js:297:9
      at processParams (node_modules/router/index.js:582:12)
      at next (node_modules/router/index.js:291:5)
      at Layer.handleError (node_modules/router/lib/layer.js:111:12)
      at trimPrefix (node_modules/router/index.js:340:13)
      at node_modules/router/index.js:297:9
      at processParams (node_modules/router/index.js:582:12)
      at Immediate.next (node_modules/router/index.js:291:5)
      at Immediate._onImmediate (node_modules/router/index.js:688:15)

2026-04-30 16:38:07 [[32minfo[39m] [32mHTTP request completed[39m {"method":"DELETE","path":"/api/foods/invalid-id","statusCode":400,"durationMs":6,"user":"anonymous","ip":"::ffff:127.0.0.1"}
2026-04-30 16:38:07 [[32minfo[39m] [32mHTTP request completed[39m {"method":"POST","path":"/api/auth/users/register","statusCode":201,"durationMs":88,"user":"anonymous","ip":"::ffff:127.0.0.1"}
2026-04-30 16:38:07 [[32minfo[39m] [32mHTTP request completed[39m {"method":"POST","path":"/api/auth/partners/register","statusCode":201,"durationMs":136,"user":"anonymous","ip":"::ffff:127.0.0.1"}
2026-04-30 16:38:07 [[32minfo[39m] [32mHTTP request completed[39m {"method":"POST","path":"/api/orders","statusCode":201,"durationMs":23,"user":"anonymous","ip":"::ffff:127.0.0.1"}
  console.log
    {
      success: true,
      message: 'Order created successfully',
      data: {
        id: '69f33817d2d6357b5848b002',
        user: '69f33817d2d6357b5848aff5',
        foodPartner: '69f33817d2d6357b5848affa',
        price: 1000,
        status: 'placed',
        paymentStatus: 'pending',
        placedAt: '2026-04-30T11:08:07.973Z'
      }
    }

      at Object.<anonymous> (tests/mock.test.ts:465:13)

2026-04-30 16:38:08 [[32minfo[39m] [32mHTTP request completed[39m {"method":"POST","path":"/api/auth/users/register","statusCode":201,"durationMs":132,"user":"anonymous","ip":"::ffff:127.0.0.1"}
2026-04-30 16:38:08 [[32minfo[39m] [32mHTTP request completed[39m {"method":"POST","path":"/api/auth/partners/register","statusCode":201,"durationMs":151,"user":"anonymous","ip":"::ffff:127.0.0.1"}
2026-04-30 16:38:08 [[32minfo[39m] [32mHTTP request completed[39m {"method":"POST","path":"/api/orders","statusCode":201,"durationMs":11,"user":"anonymous","ip":"::ffff:127.0.0.1"}
2026-04-30 16:38:08 [[32minfo[39m] [32mHTTP request completed[39m {"method":"POST","path":"/api/auth/users/register","statusCode":201,"durationMs":151,"user":"anonymous","ip":"::ffff:127.0.0.1"}
2026-04-30 16:38:08 [[32minfo[39m] [32mHTTP request completed[39m {"method":"POST","path":"/api/auth/partners/register","statusCode":201,"durationMs":153,"user":"anonymous","ip":"::ffff:127.0.0.1"}
2026-04-30 16:38:08 [[32minfo[39m] [32mHTTP request completed[39m {"method":"POST","path":"/api/orders","statusCode":401,"durationMs":1,"user":"anonymous","ip":"::ffff:127.0.0.1"}
  console.log
    { success: false, message: 'Please login first' }

      at Object.<anonymous> (tests/mock.test.ts:513:15)

2026-04-30 16:38:08 [[32minfo[39m] [32mHTTP request completed[39m {"method":"POST","path":"/api/auth/users/register","statusCode":201,"durationMs":161,"user":"anonymous","ip":"::ffff:127.0.0.1"}
2026-04-30 16:38:08 [[32minfo[39m] [32mHTTP request completed[39m {"method":"POST","path":"/api/auth/partners/register","statusCode":201,"durationMs":110,"user":"anonymous","ip":"::ffff:127.0.0.1"}
2026-04-30 16:38:09 [[32minfo[39m] [32mHTTP request completed[39m {"method":"POST","path":"/api/orders","statusCode":400,"durationMs":3,"user":"anonymous","ip":"::ffff:127.0.0.1"}
2026-04-30 16:38:09 [[32minfo[39m] [32mHTTP request completed[39m {"method":"POST","path":"/api/auth/users/register","statusCode":201,"durationMs":99,"user":"anonymous","ip":"::ffff:127.0.0.1"}
2026-04-30 16:38:09 [[32minfo[39m] [32mHTTP request completed[39m {"method":"POST","path":"/api/auth/partners/register","statusCode":201,"durationMs":80,"user":"anonymous","ip":"::ffff:127.0.0.1"}
2026-04-30 16:38:09 [[32minfo[39m] [32mHTTP request completed[39m {"method":"POST","path":"/api/orders","statusCode":400,"durationMs":2,"user":"anonymous","ip":"::ffff:127.0.0.1"}
2026-04-30 16:38:09 [[32minfo[39m] [32mHTTP request completed[39m {"method":"POST","path":"/api/auth/users/register","statusCode":201,"durationMs":112,"user":"anonymous","ip":"::ffff:127.0.0.1"}
2026-04-30 16:38:09 [[32minfo[39m] [32mHTTP request completed[39m {"method":"GET","path":"/api/users/me","statusCode":200,"durationMs":6,"user":"anonymous","ip":"::ffff:127.0.0.1"}
2026-04-30 16:38:09 [[32minfo[39m] [32mHTTP request completed[39m {"method":"POST","path":"/api/auth/users/register","statusCode":201,"durationMs":143,"user":"anonymous","ip":"::ffff:127.0.0.1"}
2026-04-30 16:38:09 [[32minfo[39m] [32mHTTP request completed[39m {"method":"GET","path":"/api/users/me","statusCode":401,"durationMs":1,"user":"anonymous","ip":"::ffff:127.0.0.1"}
2026-04-30 16:38:09 [[32minfo[39m] [32mHTTP request completed[39m {"method":"POST","path":"/api/auth/users/register","statusCode":201,"durationMs":134,"user":"anonymous","ip":"::ffff:127.0.0.1"}
2026-04-30 16:38:09 [[32minfo[39m] [32mHTTP request completed[39m {"method":"GET","path":"/api/users/me","statusCode":401,"durationMs":1,"user":"anonymous","ip":"::ffff:127.0.0.1"}
2026-04-30 16:38:09 [[32minfo[39m] [32mHTTP request completed[39m {"method":"GET","path":"/non-existent-endpoint","statusCode":404,"durationMs":1,"user":"anonymous","ip":"::ffff:127.0.0.1"}
  console.error
    [AuthError] Invalid credentials

    [0m [90m 56 |[39m
     [90m 57 |[39m   [36mif[39m (err [36minstanceof[39m [33mAppError[39m) {
    [31m[1m>[22m[39m[90m 58 |[39m     console[33m.[39merror([32m`[${err.name}] ${err.message}`[39m)[33m;[39m
     [90m    |[39m             [31m[1m^[22m[39m
     [90m 59 |[39m
     [90m 60 |[39m     [36mconst[39m response[33m:[39m [33mClientErrorResponse[39m [33m=[39m {
     [90m 61 |[39m       success[33m:[39m [36mfalse[39m[33m,[39m[0m

      at errorHandler (src/middleware/errorHandler.ts:58:13)
      at Layer.handleError (node_modules/router/lib/layer.js:116:17)
      at trimPrefix (node_modules/router/index.js:340:13)
      at node_modules/router/index.js:297:9
      at processParams (node_modules/router/index.js:582:12)
      at next (node_modules/router/index.js:291:5)
      at Layer.handleError (node_modules/router/lib/layer.js:111:12)
      at trimPrefix (node_modules/router/index.js:340:13)
      at node_modules/router/index.js:297:9
      at processParams (node_modules/router/index.js:582:12)
      at next (node_modules/router/index.js:291:5)
      at node_modules/router/index.js:688:15
      at next (node_modules/router/index.js:276:14)
      at next (node_modules/router/lib/route.js:132:14)

2026-04-30 16:38:09 [[32minfo[39m] [32mHTTP request completed[39m {"method":"POST","path":"/api/auth/users/login","statusCode":401,"durationMs":4,"user":"anonymous","ip":"::ffff:127.0.0.1"}
2026-04-30 16:38:09 [[32minfo[39m] [32mHTTP request completed[39m {"method":"GET","path":"/","statusCode":200,"durationMs":1,"user":"anonymous","ip":"::ffff:127.0.0.1"}
2026-04-30 16:38:09 [[32minfo[39m] [32mHTTP request completed[39m {"method":"POST","path":"/api/auth/partners/register","statusCode":201,"durationMs":133,"user":"anonymous","ip":"::ffff:127.0.0.1"}
2026-04-30 16:38:10 [[32minfo[39m] [32mHTTP request completed[39m {"method":"POST","path":"/api/auth/partners/register","statusCode":201,"durationMs":137,"user":"anonymous","ip":"::ffff:127.0.0.1"}
  console.error
    [ConflictError] Email already exists

    [0m [90m 56 |[39m
     [90m 57 |[39m   [36mif[39m (err [36minstanceof[39m [33mAppError[39m) {
    [31m[1m>[22m[39m[90m 58 |[39m     console[33m.[39merror([32m`[${err.name}] ${err.message}`[39m)[33m;[39m
     [90m    |[39m             [31m[1m^[22m[39m
     [90m 59 |[39m
     [90m 60 |[39m     [36mconst[39m response[33m:[39m [33mClientErrorResponse[39m [33m=[39m {
     [90m 61 |[39m       success[33m:[39m [36mfalse[39m[33m,[39m[0m

      at errorHandler (src/middleware/errorHandler.ts:58:13)
      at Layer.handleError (node_modules/router/lib/layer.js:116:17)
      at trimPrefix (node_modules/router/index.js:340:13)
      at node_modules/router/index.js:297:9
      at processParams (node_modules/router/index.js:582:12)
      at next (node_modules/router/index.js:291:5)
      at Layer.handleError (node_modules/router/lib/layer.js:111:12)
      at trimPrefix (node_modules/router/index.js:340:13)
      at node_modules/router/index.js:297:9
      at processParams (node_modules/router/index.js:582:12)
      at next (node_modules/router/index.js:291:5)
      at node_modules/router/index.js:688:15
      at next (node_modules/router/index.js:276:14)
      at next (node_modules/router/lib/route.js:132:14)

2026-04-30 16:38:10 [[32minfo[39m] [32mHTTP request completed[39m {"method":"POST","path":"/api/auth/partners/register","statusCode":409,"durationMs":7,"user":"anonymous","ip":"::ffff:127.0.0.1"}
2026-04-30 16:38:10 [[32minfo[39m] [32mHTTP request completed[39m {"method":"POST","path":"/api/auth/users/register","statusCode":201,"durationMs":151,"user":"anonymous","ip":"::ffff:127.0.0.1"}
2026-04-30 16:38:10 [[32minfo[39m] [32mHTTP request completed[39m {"method":"POST","path":"/api/auth/refresh","statusCode":200,"durationMs":25,"user":"anonymous","ip":"::ffff:127.0.0.1"}
2026-04-30 16:38:10 [[32minfo[39m] [32mHTTP request completed[39m {"method":"POST","path":"/api/auth/users/register","statusCode":201,"durationMs":142,"user":"anonymous","ip":"::ffff:127.0.0.1"}
  console.error
    [AuthError] Invalid refresh token

    [0m [90m 56 |[39m
     [90m 57 |[39m   [36mif[39m (err [36minstanceof[39m [33mAppError[39m) {
    [31m[1m>[22m[39m[90m 58 |[39m     console[33m.[39merror([32m`[${err.name}] ${err.message}`[39m)[33m;[39m
     [90m    |[39m             [31m[1m^[22m[39m
     [90m 59 |[39m
     [90m 60 |[39m     [36mconst[39m response[33m:[39m [33mClientErrorResponse[39m [33m=[39m {
     [90m 61 |[39m       success[33m:[39m [36mfalse[39m[33m,[39m[0m

      at errorHandler (src/middleware/errorHandler.ts:58:13)
      at Layer.handleError (node_modules/router/lib/layer.js:116:17)
      at trimPrefix (node_modules/router/index.js:340:13)
      at node_modules/router/index.js:297:9
      at processParams (node_modules/router/index.js:582:12)
      at next (node_modules/router/index.js:291:5)
      at Layer.handleError (node_modules/router/lib/layer.js:111:12)
      at trimPrefix (node_modules/router/index.js:340:13)
      at node_modules/router/index.js:297:9
      at processParams (node_modules/router/index.js:582:12)
      at next (node_modules/router/index.js:291:5)
      at node_modules/router/index.js:688:15
      at next (node_modules/router/index.js:276:14)
      at next (node_modules/router/lib/route.js:132:14)

2026-04-30 16:38:10 [[32minfo[39m] [32mHTTP request completed[39m {"method":"POST","path":"/api/auth/refresh","statusCode":401,"durationMs":4,"user":"anonymous","ip":"::ffff:127.0.0.1"}
  console.log
    {
      success: false,
      message: 'Invalid refresh token',
      name: 'AuthError',
      timestamp: '2026-04-30T11:08:10.428Z'
    }

      at Object.<anonymous> (tests/mock.test.ts:734:15)

2026-04-30 16:38:10 [[32minfo[39m] [32mHTTP request completed[39m {"method":"POST","path":"/api/auth/users/register","statusCode":201,"durationMs":95,"user":"anonymous","ip":"::ffff:127.0.0.1"}
2026-04-30 16:38:10 [[32minfo[39m] [32mHTTP request completed[39m {"method":"PATCH","path":"/api/users/me","statusCode":200,"durationMs":13,"user":"anonymous","ip":"::ffff:127.0.0.1"}
2026-04-30 16:38:10 [[32minfo[39m] [32mHTTP request completed[39m {"method":"POST","path":"/api/auth/users/register","statusCode":201,"durationMs":101,"user":"anonymous","ip":"::ffff:127.0.0.1"}
2026-04-30 16:38:10 [[32minfo[39m] [32mHTTP request completed[39m {"method":"PATCH","path":"/api/users/me","statusCode":401,"durationMs":1,"user":"anonymous","ip":"::ffff:127.0.0.1"}
2026-04-30 16:38:10 [[32minfo[39m] [32mHTTP request completed[39m {"method":"POST","path":"/api/auth/users/register","statusCode":201,"durationMs":111,"user":"anonymous","ip":"::ffff:127.0.0.1"}
2026-04-30 16:38:10 [[32minfo[39m] [32mHTTP request completed[39m {"method":"POST","path":"/api/users/me/addresses","statusCode":400,"durationMs":7,"user":"anonymous","ip":"::ffff:127.0.0.1"}
2026-04-30 16:38:10 [[32minfo[39m] [32mHTTP request completed[39m {"method":"POST","path":"/api/auth/partners/register","statusCode":400,"durationMs":2,"user":"anonymous","ip":"::ffff:127.0.0.1"}
2026-04-30 16:38:10 [[32minfo[39m] [32mHTTP request completed[39m {"method":"POST","path":"/api/auth/partners/register","statusCode":400,"durationMs":1,"user":"anonymous","ip":"::ffff:127.0.0.1"}
2026-04-30 16:38:11 [[32minfo[39m] [32mHTTP request completed[39m {"method":"POST","path":"/api/auth/users/register","statusCode":201,"durationMs":112,"user":"anonymous","ip":"::ffff:127.0.0.1"}
2026-04-30 16:38:11 [[32minfo[39m] [32mHTTP request completed[39m {"method":"GET","path":"/api/orders/my-orders","statusCode":404,"durationMs":1,"user":"anonymous","ip":"::ffff:127.0.0.1"}
2026-04-30 16:38:11 [[32minfo[39m] [32mHTTP request completed[39m {"method":"POST","path":"/api/auth/users/register","statusCode":201,"durationMs":146,"user":"anonymous","ip":"::ffff:127.0.0.1"}
2026-04-30 16:38:11 [[32minfo[39m] [32mHTTP request completed[39m {"method":"GET","path":"/api/orders/my-orders","statusCode":404,"durationMs":1,"user":"anonymous","ip":"::ffff:127.0.0.1"}
2026-04-30 16:38:11 [[32minfo[39m] [32mHTTP request completed[39m {"method":"POST","path":"/api/auth/users/register","statusCode":400,"durationMs":2,"user":"anonymous","ip":"::ffff:127.0.0.1"}
2026-04-30 16:38:11 [[32minfo[39m] [32mHTTP request completed[39m {"method":"POST","path":"/api/auth/users/register","statusCode":400,"durationMs":1,"user":"anonymous","ip":"::ffff:127.0.0.1"}
2026-04-30 16:38:11 [[32minfo[39m] [32mHTTP request completed[39m {"method":"POST","path":"/api/auth/users/register","statusCode":400,"durationMs":1,"user":"anonymous","ip":"::ffff:127.0.0.1"}
2026-04-30 16:38:11 [[32minfo[39m] [32mHTTP request completed[39m {"method":"POST","path":"/api/auth/users/register","statusCode":400,"durationMs":1,"user":"anonymous","ip":"::ffff:127.0.0.1"}
2026-04-30 16:38:11 [[32minfo[39m] [32mHTTP request completed[39m {"method":"POST","path":"/api/auth/users/register","statusCode":400,"durationMs":1,"user":"anonymous","ip":"::ffff:127.0.0.1"}
2026-04-30 16:38:11 [[32minfo[39m] [32mHTTP request completed[39m {"method":"POST","path":"/api/auth/users/register","statusCode":201,"durationMs":151,"user":"anonymous","ip":"::ffff:127.0.0.1"}
2026-04-30 16:38:11 [[32minfo[39m] [32mHTTP request completed[39m {"method":"POST","path":"/auth/users/register","statusCode":404,"durationMs":1,"user":"anonymous","ip":"::ffff:127.0.0.1"}
2026-04-30 16:38:11 [[32minfo[39m] [32mHTTP request completed[39m {"method":"POST","path":"/auth/users/register","statusCode":404,"durationMs":1,"user":"anonymous","ip":"::ffff:127.0.0.1"}
2026-04-30 16:38:11 [[32minfo[39m] [32mHTTP request completed[39m {"method":"POST","path":"/auth/users/register","statusCode":404,"durationMs":1,"user":"anonymous","ip":"::ffff:127.0.0.1"}
2026-04-30 16:38:11 [[32minfo[39m] [32mHTTP request completed[39m {"method":"POST","path":"/api/auth/users/register","statusCode":201,"durationMs":104,"user":"anonymous","ip":"::ffff:127.0.0.1"}
2026-04-30 16:38:11 [[32minfo[39m] [32mHTTP request completed[39m {"method":"POST","path":"/api/auth/users/logout","statusCode":200,"durationMs":6,"user":"anonymous","ip":"::ffff:127.0.0.1"}
2026-04-30 16:38:11 [[32minfo[39m] [32mHTTP request completed[39m {"method":"POST","path":"/api/auth/users/register","statusCode":201,"durationMs":89,"user":"anonymous","ip":"::ffff:127.0.0.1"}
2026-04-30 16:38:11 [[32minfo[39m] [32mHTTP request completed[39m {"method":"POST","path":"/api/auth/users/logout","statusCode":200,"durationMs":7,"user":"anonymous","ip":"::ffff:127.0.0.1"}
  console.error
    [AuthError] Invalid refresh token

    [0m [90m 56 |[39m
     [90m 57 |[39m   [36mif[39m (err [36minstanceof[39m [33mAppError[39m) {
    [31m[1m>[22m[39m[90m 58 |[39m     console[33m.[39merror([32m`[${err.name}] ${err.message}`[39m)[33m;[39m
     [90m    |[39m             [31m[1m^[22m[39m
     [90m 59 |[39m
     [90m 60 |[39m     [36mconst[39m response[33m:[39m [33mClientErrorResponse[39m [33m=[39m {
     [90m 61 |[39m       success[33m:[39m [36mfalse[39m[33m,[39m[0m

      at errorHandler (src/middleware/errorHandler.ts:58:13)
      at Layer.handleError (node_modules/router/lib/layer.js:116:17)
      at trimPrefix (node_modules/router/index.js:340:13)
      at node_modules/router/index.js:297:9
      at processParams (node_modules/router/index.js:582:12)
      at next (node_modules/router/index.js:291:5)
      at Layer.handleError (node_modules/router/lib/layer.js:111:12)
      at trimPrefix (node_modules/router/index.js:340:13)
      at node_modules/router/index.js:297:9
      at processParams (node_modules/router/index.js:582:12)
      at next (node_modules/router/index.js:291:5)
      at node_modules/router/index.js:688:15
      at next (node_modules/router/index.js:276:14)
      at next (node_modules/router/lib/route.js:132:14)

2026-04-30 16:38:11 [[32minfo[39m] [32mHTTP request completed[39m {"method":"POST","path":"/api/auth/refresh","statusCode":401,"durationMs":6,"user":"anonymous","ip":"::ffff:127.0.0.1"}
2026-04-30 16:38:11 [[32minfo[39m] [32mHTTP request completed[39m {"method":"POST","path":"/api/auth/users/register","statusCode":201,"durationMs":120,"user":"anonymous","ip":"::ffff:127.0.0.1"}
2026-04-30 16:38:11 [[32minfo[39m] [32mHTTP request completed[39m {"method":"GET","path":"/api/users/me","statusCode":200,"durationMs":8,"user":"anonymous","ip":"::ffff:127.0.0.1"}
2026-04-30 16:38:11 [[32minfo[39m] [32mHTTP request completed[39m {"method":"POST","path":"/api/auth/partners/register","statusCode":400,"durationMs":2,"user":"anonymous","ip":"::ffff:127.0.0.1"}
node.exe : FAIL tests/mock.test.ts (11.709 s)
At C:\Program Files\nodejs\npx.ps1:29 char:3
+   & $NODE_EXE $NPX_CLI_JS $args
+   ~~~~~~~~~~~~~~~~~~~~~~~~~~~~~
    + CategoryInfo          : NotSpecified: (FAIL tests/mock.test.ts (11.709 s):String) [], RemoteException
    + FullyQualifiedErrorId : NativeCommandError
 
  AUTH - User Registration Tests
    ΓêÜ should register a new user successfully (255 ms)
    ΓêÜ should fail to register with duplicate email (180 ms)
    ΓêÜ should fail to register with invalid email format (48 ms)
    ΓêÜ should fail to register with weak password (30 ms)
    ΓêÜ should fail to register with missing required fields (24 ms)
    ΓêÜ should hash password before storing (150 ms)
  AUTH - User Login Tests
    ΓêÜ should login user with correct credentials (319 ms)
    ΓêÜ should fail login with wrong password (318 ms)
    ΓêÜ should fail login with non-existent user (163 ms)
    ΓêÜ should set auth cookies on successful login (290 ms)
  FOOD - Get Food Items Tests
    ΓêÜ should get all food items with pagination (446 ms)
    ΓêÜ should get food items with limit parameter (398 ms)
    ΓêÜ should get food items by partner ID (465 ms)
    ΓêÜ should fail to get food with invalid partner ID format (439 ms)
  FOOD - Delete Food Item Tests
    ΓêÜ should delete food item by owner (205 ms)
    ΓêÜ should fail to delete non-existent food item (170 ms)
    ΓêÜ should fail to delete food with invalid ID format (189 ms)
  ORDER - Create Order Tests
    ΓêÜ should create order with valid data (293 ms)
    ΓêÜ should calculate total price correctly (351 ms)
    ΓêÜ should fail to create order without authentication (355 ms)
    ΓêÜ should fail with missing delivery address (319 ms)
    ΓêÜ should fail with empty items array (218 ms)
  USER PROFILE - Get Profile Tests
    ΓêÜ should get user profile with valid authentication (146 ms)
    ΓêÜ should fail to get profile without authentication (175 ms)
    ΓêÜ should fail with invalid token (161 ms)
  ERROR HANDLING - General Error Cases
    ΓêÜ should return 404 for non-existent endpoint (5 ms)
    ΓêÜ should return proper error response structure (9 ms)
  HEALTH - Server Status Tests
    ΓêÜ GET / should return 200 status and "Hello, World!" message (4 ms)
  AUTH - Partner Registration Tests
    ΓêÜ should register a new food partner successfully (151 ms)
    ΓêÜ should fail to register partner with duplicate email (169 ms)
  AUTH - Token Refresh Tests
    ΓêÜ should refresh access token with valid refresh token (201 ms)
    ΓêÜ should fail to refresh with invalid refresh token (179 ms)
  USER PROFILE - Update Profile Tests
    ΓêÜ should update user profile successfully (131 ms)
    ΓêÜ should fail to update profile without authentication (130 ms)
    ├ù should add address to user profile (140 ms)
  FOOD - Update Food Item Tests
    ├ù should update food item successfully (26 ms)
    ├ù should fail to update food without authentication (17 ms)
  ORDER - Retrieve Orders Tests
    ├ù should get user orders with authentication (132 ms)
    ├ù should fail to get orders without authentication (174 ms)
  VALIDATION - Email and Password Requirements
    ΓêÜ should validate email format on registration (36 ms)
    ├ù should validate password strength (173 ms)
  CONCURRENCY - Multiple Simultaneous Requests
    ├ù should handle multiple concurrent registrations (37 ms)
  AUTH - Logout & Session Management Tests
    ├ù should logout user successfully (142 ms)
    ΓêÜ should invalidate refresh token after logout (120 ms)
  DATA CONSISTENCY - Database State Tests
    ΓêÜ should maintain data consistency across operations (152 ms)
    ├ù should prevent duplicate food items with same properties (31 ms)

  ΓùÅ USER PROFILE - Update Profile Tests ΓÇ║ should add address to user profile

    expected 201 "Created", got 400 "Bad Request"

    [0m [90m 804 |[39m       [33m.[39m[36mset[39m([32m'Authorization'[39m[33m,[39m [32m`Bearer 
${accessToken}`[39m)
     [90m 805 |[39m       [33m.[39msend(addressData)
    [31m[1m>[22m[39m[90m 806 |[39m       [33m.[39mexpect([35m201[39m)[33m;[39m
     [90m     |[39m        [31m[1m^[22m[39m
     [90m 807 |[39m
     [90m 808 |[39m     
expect(response[33m.[39mbody[33m.[39msuccess)[33m.[39mtoBe([36mtrue[39m)[33m;[39m
     [90m 809 |[39m     
expect(response[33m.[39mbody[33m.[39mdata)[33m.[39mtoHaveProperty([32m'_id'[39m)[33m;[39m[0m

      at Object.<anonymous> (tests/mock.test.ts:806:8)
      ----
      at Test._assertStatus (node_modules/supertest/lib/test.js:309:14)
      at node_modules/supertest/lib/test.js:365:13
      at Test._assertFunction (node_modules/supertest/lib/test.js:342:13)
      at Test.assert (node_modules/supertest/lib/test.js:195:23)
      at localAssert (node_modules/supertest/lib/test.js:138:14)
      at Server.<anonymous> (node_modules/supertest/lib/test.js:152:11)

  ΓùÅ FOOD - Update Food Item Tests ΓÇ║ should update food item successfully

    TypeError: Cannot read properties of undefined (reading 'id')

    [0m [90m 833 |[39m       })[33m;[39m
     [90m 834 |[39m
    [31m[1m>[22m[39m[90m 835 |[39m     foodPartnerId [33m=[39m 
partnerResponse[33m.[39mbody[33m.[39muser[33m.[39mid[33m;[39m
     [90m     |[39m                                               [31m[1m^[22m[39m
     [90m 836 |[39m     accessToken [33m=[39m 
partnerResponse[33m.[39mbody[33m.[39mtokens[33m.[39maccessToken[33m;[39m
     [90m 837 |[39m
     [90m 838 |[39m     [36mconst[39m foodItem [33m=[39m [36mawait[39m 
[33mFood[39m[33m.[39mcreate({[0m

      at Object.<anonymous> (tests/mock.test.ts:835:47)

  ΓùÅ FOOD - Update Food Item Tests ΓÇ║ should fail to update food without authentication

    TypeError: Cannot read properties of undefined (reading 'id')

    [0m [90m 833 |[39m       })[33m;[39m
     [90m 834 |[39m
    [31m[1m>[22m[39m[90m 835 |[39m     foodPartnerId [33m=[39m 
partnerResponse[33m.[39mbody[33m.[39muser[33m.[39mid[33m;[39m
     [90m     |[39m                                               [31m[1m^[22m[39m
     [90m 836 |[39m     accessToken [33m=[39m 
partnerResponse[33m.[39mbody[33m.[39mtokens[33m.[39maccessToken[33m;[39m
     [90m 837 |[39m
     [90m 838 |[39m     [36mconst[39m foodItem [33m=[39m [36mawait[39m 
[33mFood[39m[33m.[39mcreate({[0m

      at Object.<anonymous> (tests/mock.test.ts:835:47)

  ΓùÅ ORDER - Retrieve Orders Tests ΓÇ║ should get user orders with authentication

    expected 200 "OK", got 404 "Not Found"

    [0m [90m 903 |[39m       [33m.[39m[36mget[39m([32m'/api/orders/my-orders'[39m)
     [90m 904 |[39m       [33m.[39m[36mset[39m([32m'Authorization'[39m[33m,[39m [32m`Bearer 
${accessToken}`[39m)
    [31m[1m>[22m[39m[90m 905 |[39m       [33m.[39mexpect([35m200[39m)[33m;[39m
     [90m     |[39m        [31m[1m^[22m[39m
     [90m 906 |[39m
     [90m 907 |[39m     
expect(response[33m.[39mbody[33m.[39msuccess)[33m.[39mtoBe([36mtrue[39m)[33m;[39m
     [90m 908 |[39m     expect([33mArray[39m[33m.[39misArray(response[33m.[39mbody[33m.[39mdata))[33m
.[39mtoBe([36mtrue[39m)[33m;[39m[0m

      at Object.<anonymous> (tests/mock.test.ts:905:8)
      ----
      at Test._assertStatus (node_modules/supertest/lib/test.js:309:14)
      at node_modules/supertest/lib/test.js:365:13
      at Test._assertFunction (node_modules/supertest/lib/test.js:342:13)
      at Test.assert (node_modules/supertest/lib/test.js:195:23)
      at localAssert (node_modules/supertest/lib/test.js:138:14)
      at Server.<anonymous> (node_modules/supertest/lib/test.js:152:11)

  ΓùÅ ORDER - Retrieve Orders Tests ΓÇ║ should fail to get orders without authentication

    expected 401 "Unauthorized", got 404 "Not Found"

    [0m [90m 912 |[39m     [36mconst[39m response [33m=[39m [36mawait[39m request(app)
     [90m 913 |[39m       [33m.[39m[36mget[39m([32m'/api/orders/my-orders'[39m)
    [31m[1m>[22m[39m[90m 914 |[39m       [33m.[39mexpect([35m401[39m)[33m;[39m
     [90m     |[39m        [31m[1m^[22m[39m
     [90m 915 |[39m
     [90m 916 |[39m     
expect(response[33m.[39mbody[33m.[39msuccess)[33m.[39mtoBe([36mfalse[39m)[33m;[39m
     [90m 917 |[39m   })[33m;[39m[0m

      at Object.<anonymous> (tests/mock.test.ts:914:8)
      ----
      at Test._assertStatus (node_modules/supertest/lib/test.js:309:14)
      at node_modules/supertest/lib/test.js:365:13
      at Test._assertFunction (node_modules/supertest/lib/test.js:342:13)
      at Test.assert (node_modules/supertest/lib/test.js:195:23)
      at localAssert (node_modules/supertest/lib/test.js:138:14)
      at Server.<anonymous> (node_modules/supertest/lib/test.js:152:11)

  ΓùÅ VALIDATION - Email and Password Requirements ΓÇ║ should validate password strength

    expect(received).toBe(expected) // Object.is equality

    Expected: 400
    Received: 201

    [0m [90m 963 |[39m         })[33m;[39m
     [90m 964 |[39m
    [31m[1m>[22m[39m[90m 965 |[39m       
expect(response[33m.[39mstatus)[33m.[39mtoBe([35m400[39m)[33m;[39m
     [90m     |[39m                               [31m[1m^[22m[39m
     [90m 966 |[39m       
expect(response[33m.[39mbody[33m.[39msuccess)[33m.[39mtoBe([36mfalse[39m)[33m;[39m
     [90m 967 |[39m     }
     [90m 968 |[39m   })[33m;[39m[0m

      at Object.<anonymous> (tests/mock.test.ts:965:31)

  ΓùÅ CONCURRENCY - Multiple Simultaneous Requests ΓÇ║ should handle multiple concurrent registrations

    expect(received).toBe(expected) // Object.is equality

    Expected: 201
    Received: 404

    [0m [90m 994 |[39m
     [90m 995 |[39m     responses[33m.[39mforEach((response) [33m=>[39m {
    [31m[1m>[22m[39m[90m 996 |[39m       
expect(response[33m.[39mstatus)[33m.[39mtoBe([35m201[39m)[33m;[39m
     [90m     |[39m                               [31m[1m^[22m[39m
     [90m 997 |[39m       
expect(response[33m.[39mbody[33m.[39msuccess)[33m.[39mtoBe([36mtrue[39m)[33m;[39m
     [90m 998 |[39m     })[33m;[39m
     [90m 999 |[39m   })[33m;[39m[0m

      at tests/mock.test.ts:996:31
          at Array.forEach (<anonymous>)
      at Object.<anonymous> (tests/mock.test.ts:995:15)

  ΓùÅ AUTH - Logout & Session Management Tests ΓÇ║ should logout user successfully

    expect(received).toBe(expected) // Object.is equality

    Expected: true
    Received: undefined

    [0m [90m 1030 |[39m       [33m.[39mexpect([35m200[39m)[33m;[39m
     [90m 1031 |[39m
    [31m[1m>[22m[39m[90m 1032 |[39m     
expect(response[33m.[39mbody[33m.[39msuccess)[33m.[39mtoBe([36mtrue[39m)[33m;[39m
     [90m      |[39m                                   [31m[1m^[22m[39m
     [90m 1033 |[39m   })[33m;[39m
     [90m 1034 |[39m
     [90m 1035 |[39m   it([32m'should invalidate refresh token after logout'[39m[33m,[39m [36masync[39m 
() [33m=>[39m {[0m

      at Object.<anonymous> (tests/mock.test.ts:1032:35)

  ΓùÅ DATA CONSISTENCY - Database State Tests ΓÇ║ should prevent duplicate food items with same properties

    TypeError: Cannot read properties of undefined (reading 'id')

    [0m [90m 1093 |[39m       })[33m;[39m
     [90m 1094 |[39m
    [31m[1m>[22m[39m[90m 1095 |[39m     [36mconst[39m foodPartnerId [33m=[39m 
partnerResponse[33m.[39mbody[33m.[39muser[33m.[39mid[33m;[39m
     [90m      |[39m                                                     [31m[1m^[22m[39m
     [90m 1096 |[39m
     [90m 1097 |[39m     [36mconst[39m foodData [33m=[39m {
     [90m 1098 |[39m       name[33m:[39m [32m'Margherita Pizza'[39m[33m,[39m[0m

      at Object.<anonymous> (tests/mock.test.ts:1095:53)

Test Suites: 1 failed, 1 total
Tests:       9 failed, 37 passed, 46 total
Snapshots:   0 total
Time:        12.126 s, estimated 19 s
Ran all test suites matching tests/mock.test.ts.
Force exiting Jest: Have you considered using `--detectOpenHandles` to detect async operations that kept 
running after all tests finished?
